PHPUnit 11.5.50 by Sebastian Bergmann and contributors.

Runtime:       PHP 8.2.30
Configuration: C:\Users\OMEN\sistem-cuti-laravel\phpunit.xml

F                                                                   1 / 1 (100%)

Time: 00:00.336, Memory: 50.00 MB

There was 1 failure:

1) Tests\Feature\PersetujuanPlhTest::test_plh_bisa_menyetujui_sebagai_atasan
Failed asserting that table [notifications] matches expected entries count of 1. Entries found: 0.
.

C:\Users\OMEN\sistem-cuti-laravel\vendor\laravel\framework\src\Illuminate\Foundation\Testing\Concerns\InteractsWithDatabase.php:94
C:\Users\OMEN\sistem-cuti-laravel\tests\Feature\PersetujuanPlhTest.php:61

FAILURES!
Tests: 1, Assertions: 5, Failures: 1.
